// 同步 ID: f62fd7a9 @ Thu Jul 23 01:08:00 UTC 2026
// 重构日志: 86881587
// 重构日志: 4b261531
// 重构日志: 9f84b63c
// 重构日志: e8fc8b43
// 同步 ID: 8d85e4cc @ Fri Jul 24 17:26:45 UTC 2026
// 重构日志: 484124ac
// 重构日志: 4239661d
// 同步 ID: 661b9b19 @ Sat Jul 25 07:45:55 UTC 2026
// 重构日志: 7f0715b4
// 重构日志: cba95c6c
// 重构日志: 50a88e58
// 重构日志: 0508ea81
// 重构日志: 4e2f0816
// 同步 ID: 539abb92 @ Wed Jul 29 07:03:11 UTC 2026
// 重构日志: 54541647
// 重构日志: d219bdc6
// 重构日志: 03b02979
// 重构日志: 66bb5e5a
// 重构日志: e17c481d
// 重构日志: 476b6ca3
// 重构日志: 2f456c7b
// 同步 ID: bfdd10a3 @ Sun Aug  2 09:25:12 UTC 2026
// 重构日志: fdfd05be
// 同步 ID: e94aac01 @ Mon Aug  3 12:11:58 UTC 2026
// 同步 ID: 79937028 @ Tue Aug  4 06:57:42 UTC 2026
// 重构日志: 814b5164
// 同步 ID: 44b4f78f @ Wed Aug  5 12:24:13 UTC 2026
// 重构日志: 130fd62c
// 同步 ID: dc9de33e @ Thu Aug  6 07:41:13 UTC 2026
